// Jest Snapshot v1, https://goo.gl/fbAQLP

exports[`test CreateButton component should render the componentto match snapshot 1`] = `
ShallowWrapper {
  Symbol(enzyme.__root__): [Circular],
  Symbol(enzyme.__unrendered__): <CreateButton
    onClickHandler={[MockFunction]}
    text="create"
  />,
  Symbol(enzyme.__renderer__): Object {
    "batchedUpdates": [Function],
    "checkPropTypes": [Function],
    "getNode": [Function],
    "render": [Function],
    "simulateError": [Function],
    "simulateEvent": [Function],
    "unmount": [Function],
  },
  Symbol(enzyme.__node__): Object {
    "instance": null,
    "key": undefined,
    "nodeType": "host",
    "props": Object {
      "children": Array [
        <Ionicon
          beat={true}
          className="rounded-circle"
          color="#fff"
          fontSize="30px"
          icon="ios-add-circle"
          rotate={false}
          shake={false}
          style={Object {}}
        />,
        "create",
      ],
      "className": "btn btn-primary btn-block d-flex justify-content-center align-items-center",
      "onClick": [Function],
    },
    "ref": null,
    "rendered": Array [
      Object {
        "instance": null,
        "key": undefined,
        "nodeType": "class",
        "props": Object {
          "beat": true,
          "className": "rounded-circle",
          "color": "#fff",
          "fontSize": "30px",
          "icon": "ios-add-circle",
          "rotate": false,
          "shake": false,
          "style": Object {},
        },
        "ref": null,
        "rendered": null,
        "type": [Function],
      },
      "create",
    ],
    "type": "button",
  },
  Symbol(enzyme.__nodes__): Array [
    Object {
      "instance": null,
      "key": undefined,
      "nodeType": "host",
      "props": Object {
        "children": Array [
          <Ionicon
            beat={true}
            className="rounded-circle"
            color="#fff"
            fontSize="30px"
            icon="ios-add-circle"
            rotate={false}
            shake={false}
            style={Object {}}
          />,
          "create",
        ],
        "className": "btn btn-primary btn-block d-flex justify-content-center align-items-center",
        "onClick": [Function],
      },
      "ref": null,
      "rendered": Array [
        Object {
          "instance": null,
          "key": undefined,
          "nodeType": "class",
          "props": Object {
            "beat": true,
            "className": "rounded-circle",
            "color": "#fff",
            "fontSize": "30px",
            "icon": "ios-add-circle",
            "rotate": false,
            "shake": false,
            "style": Object {},
          },
          "ref": null,
          "rendered": null,
          "type": [Function],
        },
        "create",
      ],
      "type": "button",
    },
  ],
  Symbol(enzyme.__options__): Object {
    "adapter": ReactSixteenAdapter {
      "options": Object {
        "enableComponentDidUpdateOnSetState": true,
        "legacyContextMode": "parent",
        "lifecycles": Object {
          "componentDidUpdate": Object {
            "onSetState": true,
          },
          "getChildContext": Object {
            "calledByRenderer": false,
          },
          "getDerivedStateFromProps": Object {
            "hasShouldComponentUpdateBug": false,
          },
          "getSnapshotBeforeUpdate": true,
          "setState": Object {
            "skipsComponentDidUpdateOnNullish": true,
          },
        },
      },
    },
  },
}
`;
